[Test 1/100 OK]
[Test 2/100 OK]
[Test 3/100 OK]
[Test 4/100 OK]
[Test 5/100 OK]
[Test 6/100 OK]
[Test 7/100 OK]
[Test 8/100 OK]
[Test 9/100 OK]
[Test 10/100 OK]
[Test 11/100 OK]
[Test 12/100 OK]
[Test 13/100 OK]
[Test 14/100 OK]
[Test 15/100 OK]
[Test 16/100 OK]
[Test 17/100 OK]
[Test 18/100 OK]
[Test 19/100 OK]
[Test 20/100 OK]
[Test 21/100 OK]
[Test 22/100 OK]
[Test 23/100 OK]
[Test 24/100 OK]
[Test 25/100 OK]
[Test 26/100 OK]
[Test 27/100 OK]
[Test 28/100 OK]
[Test 29/100 OK]
[Test 30/100 OK]
[Test 31/100 OK]
[Test 32/100 OK]
[Test 33/100 OK]
[Test 34/100 OK]
[Test 35/100 OK]
[Test 36/100 OK]
[Test 37/100 OK]
[Test 38/100 OK]
[Test 39/100 OK]
[Test 40/100 OK]
[Test 41/100 OK]
[Test 42/100 OK]
[Test 43/100 OK]
[Test 44/100 OK]
[Test 45/100 OK]
[Test 46/100 OK]
[Test 47/100 OK]
[Test 48/100 OK]
[Test 49/100 OK]
[Test 50/100 OK]
[Test 51/100 OK]
[Test 52/100 OK]
[Test 53/100 OK]
[Test 54/100 OK]
[Test 55/100 OK]
[Test 56/100 OK]
[Test 57/100 OK]
[Test 58/100 OK]
[Test 59/100 OK]
[Test 60/100 OK]
[Test 61/100 OK]
[Test 62/100 OK]
[Test 63/100 OK]
[Test 64/100 OK]
[Test 65/100 OK]
[Test 66/100 OK]
[Test 67/100 OK]
[Test 68/100 OK]
[Test 69/100 OK]
[Test 70/100 OK]
[Test 71/100 OK]
[Test 72/100 OK]
[Test 73/100 OK]
[Test 74/100 OK]
[Test 75/100 OK]
[Test 76/100 OK]
[Test 77/100 OK]
[Test 78/100 OK]
[Test 79/100 OK]
[Test 80/100 OK]
[Test 81/100 OK]
[Test 82/100 OK]
[Test 83/100 OK]
[Test 84/100 OK]
[Test 85/100 OK]
[Test 86/100 OK]
[Test 87/100 OK]
[Test 88/100 OK]
[Test 89/100 OK]
[Test 90/100 OK]
[Test 91/100 OK]
[Test 92/100 OK]
[Test 93/100 OK]
[Test 94/100 OK]
[Test 95/100 OK]
[Test 96/100 OK]
[Test 97/100 OK]
[Test 98/100 OK]
[Test 99/100 OK]
[Test 100/100 OK]


Run 100 tests with 0 errors.
